# test whether a node without children can be listed.

created graph A
added node n1 to A
the children of n1 in A are: