# no path will be find in this test

created graph Graph1

added node A to Graph1
added node B to Graph1
added node C to Graph1

added edge 1.000 from A to B in Graph1

path from A to C:
no path found
