# Find a path with Dijkstra's algorithm in simple graph

created graph Graph1

added node A to Graph1
added node B to Graph1

added edge 1.100 from A to B in Graph1
added edge 2.200 from B to A in Graph1

path from A to B:
A to B with weight 1.100
total cost: 1.100
